["```kt\n# parted /dev/block/mmcblk0\nparted /dev/block/mmcblk0\nGNU Parted 1.8.8.1.179-aef3\nUsing /dev/block/mmcblk0\nWelcome to GNU Parted! Type 'help' to view a list of commands.\n(parted) print\nprint\nprint\nModel: MMC SEM32G (sd/mmc)\nDisk /dev/block/mmcblk0: 31.3GB\nSector size (logical/physical): 512B/512B\nPartition Table: gpt\n\nNumber  Start   End     Size    File system  Name      Flags\n 1      524kB   67.6MB  67.1MB  fat16        modem\n 2      67.6MB  68.7MB  1049kB               sbl1\n 3      68.7MB  69.2MB  524kB                rpm\n 4      69.2MB  69.7MB  524kB                tz\n 5      69.7MB  70.3MB  524kB                sdi\n 6      70.3MB  70.8MB  524kB                aboot\n7      70.8MB  72.9MB  2097kB               pad\n8      72.9MB  73.9MB  1049kB               sbl1b\n9      73.9MB  74.4MB  524kB                tzb\n10      74.4MB  75.0MB  524kB                rpmb\n11      75.0MB  75.5MB  524kB                abootb\n12      75.5MB  78.6MB  3146kB               modemst1\n13      78.6MB  81.8MB  3146kB               modemst2\n14      81.8MB  82.3MB  524kB                metadata\n15      82.3MB  99.1MB  16.8MB               misc\n16      99.1MB  116MB   16.8MB  ext4         persist\n17      116MB   119MB   3146kB               imgdata\n18      119MB   142MB   23.1MB               laf\n19      142MB   165MB   23.1MB               boot\n **20      165MB   188MB   23.1MB               recovery** \n21      188MB   191MB   3146kB               fsg\n22      191MB   192MB   524kB                fsc\n23      192MB   192MB   524kB                ssd\n24      192MB   193MB   524kB                DDR\n25      193MB   1267MB  1074MB  ext4         system\n26      1267MB  1298MB  31.5MB               crypto\n27      1298MB  2032MB  734MB   ext4         cache\n28      2032MB  31.3GB  29.2GB  ext4         userdata\n29      31.3GB  31.3GB  5632B                grow\n\n```"]